Random seed set to 42 (runs with the same seed and inputs are reproducible)
Welcome to neuron 3.0.0-dev

( 1 ) Specify dataset
( 2 ) Specify model
( 3 ) Use model
( 4 ) Discriminant function analysis
( 9 ) Quit
Menu choice: 
( 1 ) Number of input nodes: 1
( 2 ) Number of output nodes: 1
( 3 ) Load raw dataset
( 4 ) Convert a raw dataset into a training set
( 5 ) Randomize a raw dataset into training and test sets
( 6 ) Load training set
( 7 ) Save training set
( 8 ) Save scaling factors
( 9 ) Load test set
( 10 ) Save test set
( 11 ) Log dataset operations to history file: yes
( 12 ) Specify variate bounds and types
( 13 ) ROC area reporting
( 14 ) Return to main menu
Menu choice: How many input nodes? 
( 1 ) Number of input nodes: 5
( 2 ) Number of output nodes: 1
( 3 ) Load raw dataset
( 4 ) Convert a raw dataset into a training set
( 5 ) Randomize a raw dataset into training and test sets
( 6 ) Load training set
( 7 ) Save training set
( 8 ) Save scaling factors
( 9 ) Load test set
( 10 ) Save test set
( 11 ) Log dataset operations to history file: yes
( 12 ) Specify variate bounds and types
( 13 ) ROC area reporting
( 14 ) Return to main menu
Menu choice: How many output nodes? 
( 1 ) Number of input nodes: 5
( 2 ) Number of output nodes: 1
( 3 ) Load raw dataset
( 4 ) Convert a raw dataset into a training set
( 5 ) Randomize a raw dataset into training and test sets
( 6 ) Load training set
( 7 ) Save training set
( 8 ) Save scaling factors
( 9 ) Load test set
( 10 ) Save test set
( 11 ) Log dataset operations to history file: yes
( 12 ) Specify variate bounds and types
( 13 ) ROC area reporting
( 14 ) Return to main menu
Menu choice: What is the name of the raw data file? The loaded matrix has 189 rows and 6 columns.

( 1 ) Number of input nodes: 5
( 2 ) Number of output nodes: 1
( 3 ) Load raw dataset
( 4 ) Convert a raw dataset into a training set
( 5 ) Randomize a raw dataset into training and test sets
( 6 ) Load training set
( 7 ) Save training set
( 8 ) Save scaling factors
( 9 ) Load test set
( 10 ) Save test set
( 11 ) Log dataset operations to history file: yes
( 12 ) Specify variate bounds and types
( 13 ) ROC area reporting
( 14 ) Return to main menu
Menu choice: 
Specify number of exemplars to be placed in the test set:
( 1 ) As a whole number
( 2 ) As a fraction with a numerator and denominator
( 3 ) As a decimal fraction
Menu choice: Fraction to be placed in test set = I've randomized a raw dataset into training and test sets.
The raw dataset had 189 exemplars.
   The number of 0s in the raw dataset was 130.
   The frequency of 0s in the raw dataset was 0.687831.
   The number of 1s in the raw dataset was 59.
   The frequency of 1s in the raw dataset was 0.312169.
The training set has 142 exemplars.
   The number of 0s in the training set is 98.
   The frequency of 0s in the training set is 0.690141.
   The number of 1s in the training set is 44.
   The frequency of 1s in the training set is 0.309859.
The test set has 47 exemplars.
   The number of 0s in the test set is 32.
   The frequency of 0s in the test set is 0.680851.
   The number of 1s in the test set is 15.
   The frequency of 1s in the test set is 0.319149.

Would you like to save the training set to a file (yes/no)? Would you like to save the test set to a file (yes/no)? 
( 1 ) Number of input nodes: 5
( 2 ) Number of output nodes: 1
( 3 ) Load raw dataset
( 4 ) Convert a raw dataset into a training set
( 5 ) Randomize a raw dataset into training and test sets
( 6 ) Load training set
( 7 ) Save training set
( 8 ) Save scaling factors
( 9 ) Load test set
( 10 ) Save test set
( 11 ) Log dataset operations to history file: yes
( 12 ) Specify variate bounds and types
( 13 ) ROC area reporting
( 14 ) Return to main menu
Menu choice: 
( 1 ) Specify dataset
( 2 ) Specify model
( 3 ) Use model
( 4 ) Discriminant function analysis
( 9 ) Quit
Menu choice: 
( 1 ) Bias nodes: yes
( 2 ) Number of hidden layers: 1
         Layer 1: 1 node(s)
( 3 ) Output error function: X-entropy
( 4 ) Load network from a file
( 5 ) Binary logistic regression
( 6 ) Log last operation to file: yes
( 7 ) Log to history file: yes
( 8 ) Return to main menu
Menu choice: 
( 1 ) Specify dataset
( 2 ) Specify model
( 3 ) Use model
( 4 ) Discriminant function analysis
( 9 ) Quit
Menu choice: 
( 1 ) Randomize weights
( 2 ) Set learning rate: automatic
( 3 ) Set stopping conditions
( 4 ) Set batch/epoch (currently on)
( 5 ) Set weight decay (currently off)
( 6 ) Print counter: logarithmic
( 7 ) Train model
( 8 ) Save the network to a file
( 9 ) Stepwise Regression
( 10 ) Return to main menu
Menu choice: 
( 1 ) Randomize weights
( 2 ) Set learning rate: automatic
( 3 ) Set stopping conditions
( 4 ) Set batch/epoch (currently on)
( 5 ) Set weight decay (currently off)
( 6 ) Print counter: logarithmic
( 7 ) Train model
( 8 ) Save the network to a file
( 9 ) Stepwise Regression
( 10 ) Return to main menu
Menu choice: 
( 1 ) Set maximum number of iterations: 1000000
( 2 ) Lower error limit: no
( 3 ) Limit of change in error over 1 iteration: no
( 4 ) Stop if increase over error window width: no
( 5 ) Maximum absolute gradient limit: 1e-06
( 6 ) Return to previous menu
Menu choice: What will the maximum number of iterations be? 
( 1 ) Set maximum number of iterations: 20000
( 2 ) Lower error limit: no
( 3 ) Limit of change in error over 1 iteration: no
( 4 ) Stop if increase over error window width: no
( 5 ) Maximum absolute gradient limit: 1e-06
( 6 ) Return to previous menu
Menu choice: 
( 1 ) Randomize weights
( 2 ) Set learning rate: automatic
( 3 ) Set stopping conditions
( 4 ) Set batch/epoch (currently on)
( 5 ) Set weight decay (currently off)
( 6 ) Print counter: logarithmic
( 7 ) Train model
( 8 ) Save the network to a file
( 9 ) Stepwise Regression
( 10 ) Return to main menu
Menu choice: Choose training algorithm:
( 1 ) Canonical backpropagation (gradient descent)
( 2 ) Conjugate gradient descent
( 3 ) Shanno's algorithm
Menu choice: I'm running an iterative model:
Binary logistic
5 inputs
1 output by definition
Number of exemplars in training set: 142
Number of exemplars in test set: 47
Training algorithm is canonical backpropagation
Training is off-line (batch/epoch is on)
Automatic stepsize selection is on
Weight decay is off
Error checking routines in effect:
Maximum number of iterations: 20000
Stop if maximum absolute gradient decreases below 1e-06

    Iteration: X-entropy error:  Max abs grad:  CA Train %   CA Test %
             1     6.331859e-01   5.814835e-02        64.8        72.3
             2     6.297179e-01   5.219133e-02        65.5        72.3
             3     6.270597e-01   4.685156e-02        65.5        72.3
             4     6.249710e-01   4.206204e-02        65.5        74.5
             5     6.232939e-01   3.776188e-02        66.2        72.3
             6     6.219223e-01   3.389750e-02        66.2        68.1
             7     6.207825e-01   3.042218e-02        66.2        68.1
             8     6.198221e-01   2.729516e-02        67.6        70.2
             9     6.190026e-01   2.448072e-02        69.0        70.2
            10     6.182956e-01   2.194733e-02        69.0        70.2
            20     6.142957e-01   1.420099e-02        68.3        68.1
            30     6.122707e-01   1.320719e-02        69.0        68.1
            40     6.108433e-01   1.207939e-02        69.0        68.1
            50     6.097463e-01   1.101070e-02        69.0        68.1
            60     6.088795e-01   1.004112e-02        69.0        68.1
            70     6.081844e-01   9.171929e-03        69.0        68.1
            80     6.076205e-01   8.393774e-03        69.0        68.1
            90     6.071589e-01   7.695445e-03        69.0        68.1
           100     6.067781e-01   7.066574e-03        69.0        68.1
           200     6.051384e-01   3.179663e-03        69.0        68.1
           300     6.048092e-01   1.494784e-03        69.0        68.1
           400     6.047365e-01   7.132578e-04        69.0        68.1
           500     6.047199e-01   3.424050e-04        69.0        66.0
           600     6.047161e-01   1.648111e-04        69.0        66.0
           700     6.047152e-01   7.942485e-05        69.0        66.0
           800     6.047150e-01   3.829727e-05        69.0        66.0
           900     6.047149e-01   1.847104e-05        69.0        66.0
          1000     6.047149e-01   8.909789e-06        69.0        66.0
          2000     6.047149e-01   6.082011e-09        69.0        66.0
The maximum absolute gradient became lower than 1.0e-06.

Total iterations = 2000

Final X-entropy error in the training set = 6.047149e-01.
Log likelihood = -8.586952e+01
Final X-entropy error in the test set = 5.677562e-01.
Log likelihood = -2.668454e+01

Training set:
-------------
Classification accuracy: 69.0%
Sensitivity: 0.0%
Specificity: 100.0%
Predictive value positive: division by zero
Predictive value negative: 69.0%
Classification table for training set:
----------------------------------
         Predicted T   Predicted F
         -----------   -----------
Known T:           0            44
Known F:           0            98
----------------------------------
By statistical method, ROC area = 0.604450
95% CI = 0.499846 - 0.702164 (SE = 0.052756, 2000 bootstrap resamples)
Chi-squared = 43.954238
p = 1.000000e+00 (closer to 1 is better)
Operating points fitted = 128
By trapezoidal method, ROC area = 0.604940
95% CI = 0.502031 - 0.707848 (SE = 0.052504, Hanley-McNeil)
Kolmogorov-Smirnov goodness of fit D = 0.258349, p = 0.0281866
Pearson X2 = 142.494 (n = 142; no valid p at the individual level - see Hosmer-Lemeshow)
Hosmer-Lemeshow goodness of fit p = 0.0759705

Test set:
---------
Classification accuracy: 66.0%
Sensitivity: 0.0%
Specificity: 96.9%
Predictive value positive: 0.0%
Predictive value negative: 67.4%
Classification table for test set:
----------------------------------
         Predicted T   Predicted F
         -----------   -----------
Known T:           0            15
Known F:           1            31
----------------------------------
By statistical method, ROC area = 0.755750
95% CI = 0.605090 - 0.878771 (SE = 0.069478, 2000 bootstrap resamples)
Chi-squared = 6.321586
p = 9.999972e-01 (closer to 1 is better)
Operating points fitted = 31
By trapezoidal method, ROC area = 0.760417
95% CI = 0.602531 - 0.918302 (SE = 0.080554, Hanley-McNeil)
Kolmogorov-Smirnov goodness of fit D = 0.554167, p = 0.00202862
Pearson X2 = 40.9182 (n = 47; no valid p at the individual level - see Hosmer-Lemeshow)
Hosmer-Lemeshow goodness of fit p = 0.196283

   Input:       Beta weight:     Std Err:    Wald p(W!=0):
-----------    -------------   ------------  -------------
          0        -0.300760       0.477510           0.53
          1         -1.04926       0.658765           0.11
          2       -0.0511790       0.229057           0.82
          3         0.156844       0.351178           0.66
          4        0.0778022       0.433775           0.86
y-intercept         -1.08258       0.397513         0.0065

B matrix maximum eigenvalue = 0.43
         minimum eigenvalue = 0.014
Condition number = 30.

Would you like to save this model (yes/no)? 
( 1 ) Randomize weights
( 2 ) Set learning rate: automatic
( 3 ) Set stopping conditions
( 4 ) Set batch/epoch (currently on)
( 5 ) Set weight decay (currently off)
( 6 ) Print counter: logarithmic
( 7 ) Train model
( 8 ) Save the network to a file
( 9 ) Stepwise Regression
( 10 ) Return to main menu
Menu choice: Let's try that again: your answer must be at least 1, but not greater than 10,
and it must be an integer.
Menu choice: Let's try that again: your answer must be at least 1, but not greater than 10,
and it must be an integer.
Menu choice: 
( 1 ) Specify dataset
( 2 ) Specify model
( 3 ) Use model
( 4 ) Discriminant function analysis
( 9 ) Quit
Menu choice: Are you sure you want to quit (yes/no)? 
Thank you for using neuron 3.0
