Random seed set to 42 (runs with the same seed and inputs are reproducible)
Welcome to neuron 3.0.0-dev

( 1 ) Specify dataset
( 2 ) Specify model
( 3 ) Use model
( 4 ) Discriminant function analysis
( 9 ) Quit
Menu choice: 
( 1 ) Number of input nodes: 1
( 2 ) Number of output nodes: 1
( 3 ) Load raw dataset
( 4 ) Convert a raw dataset into a training set
( 5 ) Randomize a raw dataset into training and test sets
( 6 ) Load training set
( 7 ) Save training set
( 8 ) Save scaling factors
( 9 ) Load test set
( 10 ) Save test set
( 11 ) Log dataset operations to history file: yes
( 12 ) Specify variate bounds and types
( 13 ) ROC area reporting
( 14 ) Return to main menu
Menu choice: How many input nodes? 
( 1 ) Number of input nodes: 2
( 2 ) Number of output nodes: 1
( 3 ) Load raw dataset
( 4 ) Convert a raw dataset into a training set
( 5 ) Randomize a raw dataset into training and test sets
( 6 ) Load training set
( 7 ) Save training set
( 8 ) Save scaling factors
( 9 ) Load test set
( 10 ) Save test set
( 11 ) Log dataset operations to history file: yes
( 12 ) Specify variate bounds and types
( 13 ) ROC area reporting
( 14 ) Return to main menu
Menu choice: How many output nodes? 
( 1 ) Number of input nodes: 2
( 2 ) Number of output nodes: 1
( 3 ) Load raw dataset
( 4 ) Convert a raw dataset into a training set
( 5 ) Randomize a raw dataset into training and test sets
( 6 ) Load training set
( 7 ) Save training set
( 8 ) Save scaling factors
( 9 ) Load test set
( 10 ) Save test set
( 11 ) Log dataset operations to history file: yes
( 12 ) Specify variate bounds and types
( 13 ) ROC area reporting
( 14 ) Return to main menu
Menu choice: What is the name of the training set data file? The loaded matrix has 4 rows and 3 columns.

( 1 ) Number of input nodes: 2
( 2 ) Number of output nodes: 1
( 3 ) Load raw dataset
( 4 ) Convert a raw dataset into a training set
( 5 ) Randomize a raw dataset into training and test sets
( 6 ) Load training set
( 7 ) Save training set
( 8 ) Save scaling factors
( 9 ) Load test set
( 10 ) Save test set
( 11 ) Log dataset operations to history file: yes
( 12 ) Specify variate bounds and types
( 13 ) ROC area reporting
( 14 ) Return to main menu
Menu choice: 
( 1 ) Specify dataset
( 2 ) Specify model
( 3 ) Use model
( 4 ) Discriminant function analysis
( 9 ) Quit
Menu choice: 
( 1 ) Bias nodes: yes
( 2 ) Number of hidden layers: 1
         Layer 1: 1 node(s)
( 3 ) Output error function: X-entropy
( 4 ) Load network from a file
( 5 ) Binary logistic regression
( 6 ) Log last operation to file: yes
( 7 ) Log to history file: yes
( 8 ) Return to main menu
Menu choice: How many hidden layers? For layer 1, how many hidden nodes? 
( 1 ) Bias nodes: yes
( 2 ) Number of hidden layers: 1
         Layer 1: 3 node(s)
( 3 ) Output error function: X-entropy
( 4 ) Load network from a file
( 5 ) Binary logistic regression
( 6 ) Log last operation to file: yes
( 7 ) Log to history file: yes
( 8 ) Return to main menu
Menu choice: 
( 1 ) Specify dataset
( 2 ) Specify model
( 3 ) Use model
( 4 ) Discriminant function analysis
( 9 ) Quit
Menu choice: 
( 1 ) Randomize weights
( 2 ) Set learning rate: 1
( 3 ) Set stopping conditions
( 4 ) Set batch/epoch (currently on)
( 5 ) Set weight decay (lambda = 5e-05)
( 6 ) Print counter: logarithmic
( 7 ) Train model
( 8 ) Save the network to a file
( 9 ) Stepwise Regression
( 10 ) Return to main menu
Menu choice: 
( 1 ) Randomize weights
( 2 ) Set learning rate: 1
( 3 ) Set stopping conditions
( 4 ) Set batch/epoch (currently on)
( 5 ) Set weight decay (lambda = 5e-05)
( 6 ) Print counter: logarithmic
( 7 ) Train model
( 8 ) Save the network to a file
( 9 ) Stepwise Regression
( 10 ) Return to main menu
Menu choice: Choose training algorithm:
( 1 ) Canonical backpropagation (gradient descent)
( 2 ) Conjugate gradient descent
( 3 ) Shanno's algorithm
Menu choice: I'm running an iterative model:
SimpleProp
Bias nodes on all layers by definition
2 input nodes
1 hidden layer by definition
3 hidden nodes
1 output node by definition
Number of exemplars in training set: 4
Training algorithm is canonical backpropagation
Training is off-line (batch/epoch is on)
Learning rate eta: 1
Weight decay term lambda: 5e-05
Error checking routines in effect:
Maximum number of iterations: 1000000
Stop if maximum absolute gradient decreases below 1e-06

    Iteration: X-entropy error:  Max abs grad:  CA Train %
             1     7.198612e-01   1.143957e-01        50.0
             2     7.010760e-01   6.300420e-02        50.0
             3     6.954821e-01   3.422719e-02        50.0
             4     6.938619e-01   1.863183e-02        50.0
             5     6.933947e-01   1.026226e-02        50.0
             6     6.932583e-01   5.782524e-03        50.0
             7     6.932165e-01   3.385887e-03        50.0
             8     6.932018e-01   2.103130e-03        75.0
             9     6.931948e-01   1.415754e-03        75.0
            10     6.931901e-01   1.334296e-03        75.0
            20     6.931527e-01   1.277841e-03        75.0
            30     6.931178e-01   1.228561e-03        75.0
            40     6.930840e-01   1.188567e-03        50.0
            50     6.930505e-01   1.156731e-03        50.0
            60     6.930164e-01   1.132179e-03        75.0
            70     6.929811e-01   1.114249e-03        75.0
            80     6.929437e-01   1.102456e-03        75.0
            90     6.929034e-01   1.096467e-03        75.0
           100     6.928591e-01   1.096084e-03        75.0
           200     6.917366e-01   2.232657e-03        75.0
           300     6.707292e-01   1.282503e-02        75.0
           400     2.713452e-01   3.781104e-02       100.0
           500     8.266987e-02   1.586234e-02       100.0
           600     4.787951e-02   8.934162e-03       100.0
           700     3.497158e-02   6.091284e-03       100.0
           800     2.847340e-02   4.575060e-03       100.0
           900     2.463927e-02   3.638233e-03       100.0
          1000     2.214704e-02   3.003539e-03       100.0
          2000     1.524346e-02   9.799442e-04       100.0
          3000     1.412297e-02   5.143358e-04       100.0
          4000     1.375315e-02   3.154612e-04       100.0
          5000     1.358669e-02   2.099525e-04       100.0
          6000     1.349519e-02   1.474270e-04       100.0
          7000     1.343754e-02   1.077557e-04       100.0
          8000     1.339776e-02   8.587950e-05       100.0
          9000     1.336865e-02   7.831650e-05       100.0
         10000     1.334651e-02   7.204176e-05       100.0
         20000     1.326242e-02   3.737952e-05       100.0
         30000     1.324325e-02   2.090275e-05       100.0
         40000     1.323746e-02   1.172805e-05       100.0
         50000     1.323565e-02   6.557155e-06       100.0
         60000     1.323509e-02   3.657607e-06       100.0
         70000     1.323492e-02   2.038222e-06       100.0
         80000     1.323486e-02   1.135458e-06       100.0
         90000     1.323485e-02   6.325147e-07       100.0
The maximum absolute gradient became lower than 1.0e-06.

Total iterations = 90000

Final X-entropy error in the training set = 2.752137e-03.
Log likelihood = -1.100855e-02

Training set:
-------------
Classification accuracy: 100.0%
Sensitivity: 100.0%
Specificity: 100.0%
Predictive value positive: 100.0%
Predictive value negative: 100.0%
Classification table for training set:
----------------------------------
         Predicted T   Predicted F
         -----------   -----------
Known T:           2             0
Known F:           0             2
----------------------------------
Cannot calculate ROC statistically, not enough data points (10)
By trapezoidal method, ROC area = 1.000000
95% CI = 1.000000 - 1.000000 (SE = 0.000000, Hanley-McNeil)
Kolmogorov-Smirnov goodness of fit D = 1, p = 0.0970269
Pearson X2 = 0.0110271 (n = 4; no valid p at the individual level - see Hosmer-Lemeshow)
Hosmer-Lemeshow goodness of fit p = Could not calculate Hosmer-Lemeshow goodness of fit: fewer exemplars than Hosmer-Lemeshow groups (10)

Would you like to save this model (yes/no)? 
( 1 ) Randomize weights
( 2 ) Set learning rate: 1
( 3 ) Set stopping conditions
( 4 ) Set batch/epoch (currently on)
( 5 ) Set weight decay (lambda = 5e-05)
( 6 ) Print counter: logarithmic
( 7 ) Train model
( 8 ) Save the network to a file
( 9 ) Stepwise Regression
( 10 ) Return to main menu
Menu choice: 
( 1 ) Specify dataset
( 2 ) Specify model
( 3 ) Use model
( 4 ) Discriminant function analysis
( 9 ) Quit
Menu choice: Are you sure you want to quit (yes/no)? 
Thank you for using neuron 3.0
